Microchip MPLAB XC8 Compiler V2.00 ()

Linker command line:

-W-3 --edf=/opt/microchip/xc8/v2.00/pic/dat/en_msgs.txt -cs \
  -h+dist/default/production/firmware.X.production.sym \
  --cmf=dist/default/production/firmware.X.production.cmf -z -Q16F1788 \
  -o/tmp/xcXPxP511 --defsym=__MPLAB_BUILD=1 \
  -Mdist/default/production/firmware.X.production.map -E1 -ver=XC8 \
  --acfsm=1493 -ASTACK=02090h-027efh -pstack=STACK -ACODE=00h-07FFhx8 \
  -ASTRCODE=00h-03FFFh -ASTRING=00h-0FFhx64 -ACONST=00h-0FFhx64 \
  -AENTRY=00h-0FFhx64 -ACOMMON=070h-07Fh -ABANK0=020h-06Fh \
  -ABANK1=0A0h-0EFh -ABANK2=0120h-016Fh -ABANK3=01A0h-01EFh \
  -ABANK4=0220h-026Fh -ABANK5=02A0h-02EFh -ABANK6=0320h-036Fh \
  -ABANK7=03A0h-03EFh -ABANK8=0420h-046Fh -ABANK9=04A0h-04EFh \
  -ABANK10=0520h-056Fh -ABANK11=05A0h-05EFh -ABANK12=0620h-066Fh \
  -ABANK13=06A0h-06EFh -ABANK14=0720h-076Fh -ABANK15=07A0h-07EFh \
  -ABANK16=0820h-086Fh -ABANK17=08A0h-08EFh -ABANK18=0920h-096Fh \
  -ABANK19=09A0h-09EFh -ABANK20=0A20h-0A6Fh -ABANK21=0AA0h-0AEFh \
  -ABANK22=0B20h-0B6Fh -ABANK23=0BA0h-0BEFh -ABANK24=0C20h-0C6Fh \
  -ABANK25=0CA0h-0CBFh -ABIGRAM=02000h-027EFh \
  -ARAM=020h-06Fh,0A0h-0EFh,0120h-016Fh,01A0h-01EFh,0220h-026Fh,02A0h-02EFh,0320h-036Fh,03A0h-03EFh,0420h-046Fh,04A0h-04EFh,0520h-056Fh,05A0h-05EFh,0620h-066Fh,06A0h-06EFh,0720h-076Fh,07A0h-07EFh,0820h-086Fh,08A0h-08EFh,0920h-096Fh,09A0h-09EFh,0A20h-0A6Fh,0AA0h-0AEFh,0B20h-0B6Fh,0BA0h-0BEFh,0C20h-0C6Fh,0CA0h-0CBFh \
  -AABS1=020h-07Fh,0A0h-0EFh,0120h-016Fh,01A0h-01EFh,0220h-026Fh,02A0h-02EFh,0320h-036Fh,03A0h-03EFh,0420h-046Fh,04A0h-04EFh,0520h-056Fh,05A0h-05EFh,0620h-066Fh,06A0h-06EFh,0720h-076Fh,07A0h-07EFh,0820h-086Fh,08A0h-08EFh,0920h-096Fh,09A0h-09EFh,0A20h-0A6Fh,0AA0h-0AEFh,0B20h-0B6Fh,0BA0h-0BEFh,0C20h-0C6Fh,0CA0h-0CBFh \
  -ASFR0=00h-01Fh -ASFR1=080h-09Fh -ASFR2=0100h-011Fh -ASFR3=0180h-019Fh \
  -ASFR4=0200h-021Fh -ASFR5=0280h-029Fh -ASFR6=0300h-031Fh \
  -ASFR7=0380h-039Fh -ASFR8=0400h-041Fh -ASFR9=0480h-049Fh \
  -ASFR10=0500h-051Fh -ASFR11=0580h-059Fh -ASFR12=0600h-061Fh \
  -ASFR13=0680h-069Fh -ASFR14=0700h-071Fh -ASFR15=0780h-079Fh \
  -ASFR16=0800h-081Fh -ASFR17=0880h-089Fh -ASFR18=0900h-091Fh \
  -ASFR19=0980h-099Fh -ASFR20=0A00h-0A1Fh -ASFR21=0A80h-0A9Fh \
  -ASFR22=0B00h-0B1Fh -ASFR23=0B80h-0B9Fh -ASFR24=0C00h-0C1Fh \
  -ASFR25=0C80h-0C9Fh -ASFR26=0D00h-0D6Fh -ASFR27=0D80h-0DEFh \
  -ASFR28=0E00h-0E6Fh -ASFR29=0E80h-0EEFh -ASFR30=0F00h-0F6Fh \
  -ASFR31=0F80h-0FEFh -preset_vec=00h,intentry=04h,init,end_init \
  -ppowerup=CODE -pcinit=CODE -pfunctab=ENTRY -ACONFIG=08007h-08008h \
  -pconfig=CONFIG -DCONFIG=2 -AIDLOC=08000h-08003h -pidloc=IDLOC -DIDLOC=2 \
  -AEEDATA=00h-0FFh/0F000h -peeprom_data=EEDATA -DEEDATA=2 -DCODE=2 \
  -DSTRCODE=2 -DSTRING=2 -DCONST=2 -DENTRY=2 -k /tmp/xcXezzZAj.o \
  dist/default/production/firmware.X.production.o 

Object code version is 3.11

Machine type is 16F1788



                Name                               Link     Load   Length Selector   Space Scale
/tmp/xcXezzZAj.o
                end_init                             3D       3D        2        8       0
                reset_vec                             0        0        2        0       0
                config                             8007     8007        2    1000E       0
dist/default/production/firmware.X.production.o
                cinit                                3F       3F       30        8       0
                intentry                              4        4       39        8       0
                text37                              CB6      CB6       22     196C       0
                text36                              D1D      D1D       24     1A3A       0
                swtext2                             814      814       14     1000       0
                text35                              45D      45D      110        8       0
                text34                              DE5      DE5       2D     1BCA       0
                text33                              56D      56D       F6        8       0
                text31                              D65      D65       29     1ACA       0
                text30                              B90      B90        4     1720       0
                text29                              B98      B98        6     1730       0
                text28                              B9E      B9E        6     173C       0
                text27                              D8E      D8E       2B     1B1C       0
                text26                              BD1      BD1        F     17A2       0
                text25                              CD8      CD8       22     19B0       0
                text24                              BE0      BE0        F     17C0       0
                text23                              B94      B94        4     1728       0
                text22                              BEF      BEF       10     17DE       0
                text21                              E12      E12       2F     1C24       0
                text20                              BB6      BB6        9     176C       0
                text19                              C3E      C3E       1D     187C       0
                text18                              BBF      BBF        9     177E       0
                text17                              C24      C24       1A     1848       0
                text16                              C0F      C0F       15     181E       0
                text15                              BC8      BC8        9     1790       0
                text14                              C78      C78       1E     18F0       0
                text13                              C5B      C5B       1D     18B6       0
                text12                              F09      F09       70     1E12       0
                text11                              723      723       AB      E46       0
                text10                              E9F      E9F       6A     1D3E       0
                text9                               E41      E41       5E     1C82       0
                text8                               DB9      DB9       2C     1B72       0
                text7                                6F       6F      17A        8       0
                text6                               BFF      BFF       10     17FE       0
                text5                               CFA      CFA       23     19F4       0
                text4                               7CE      7CE       31      E46       0
                text3                               F79      F79       87     1EF2       0
                text2                               D41      D41       24     1A82       0
                swtext1                             800      800       14     1000       0
                text1                               325      325      138        8       0
                maintext                            1E9      1E9      13C        8       0
                cstackBANK0                          20       20       2A       20       1
                cstackCOMMON                         70       70        9       70       1
                clrtext                             BA4      BA4        6     1748       0
                inittext                            BAA      BAA        6     1754       0
                dataBANK1                            C0       C0       20       A0       1
                bssBANK1                             A0       A0       20       A0       1
                dataBANK0                            62       62        6       20       1
                bssBANK0                             4A       4A       18       20       1
                bssCOMMON                            79       79        4       70       1
                stringtext3                        1000     1000       82     2000       0
                stringtext2                         663      663       C0      CC6       0
                stringtext1                        1082     1082       18     2000       0
                idataBANK1                          C96      C96       20     192C       0
                idataBANK0                          BB0      BB0        6     1760       0

TOTAL           Name                               Link     Load   Length     Space
        CLASS   STACK          

        CLASS   CODE           
                end_init                             3D       3D        2         0
                cinit                                3F       3F       30         0
                intentry                              4        4       39         0
                reset_vec                             0        0        2         0
                text37                              CB6      CB6       22         0
                text36                              D1D      D1D       24         0
                text35                              45D      45D      110         0
                text34                              DE5      DE5       2D         0
                text33                              56D      56D       F6         0
                text31                              D65      D65       29         0
                text30                              B90      B90        4         0
                text29                              B98      B98        6         0
                text28                              B9E      B9E        6         0
                text27                              D8E      D8E       2B         0
                text26                              BD1      BD1        F         0
                text25                              CD8      CD8       22         0
                text24                              BE0      BE0        F         0
                text23                              B94      B94        4         0
                text22                              BEF      BEF       10         0
                text21                              E12      E12       2F         0
                text20                              BB6      BB6        9         0
                text19                              C3E      C3E       1D         0
                text18                              BBF      BBF        9         0
                text17                              C24      C24       1A         0
                text16                              C0F      C0F       15         0
                text15                              BC8      BC8        9         0
                text14                              C78      C78       1E         0
                text13                              C5B      C5B       1D         0
                text12                              F09      F09       70         0
                text11                              723      723       AB         0
                text10                              E9F      E9F       6A         0
                text9                               E41      E41       5E         0
                text8                               DB9      DB9       2C         0
                text7                                6F       6F      17A         0
                text6                               BFF      BFF       10         0
                text5                               CFA      CFA       23         0
                text4                               7CE      7CE       31         0
                text3                               F79      F79       87         0
                text2                               D41      D41       24         0
                text1                               325      325      138         0
                maintext                            1E9      1E9      13C         0
                clrtext                             BA4      BA4        6         0
                inittext                            BAA      BAA        6         0
                idataBANK1                          C96      C96       20         0
                idataBANK0                          BB0      BB0        6         0

        CLASS   STRCODE        
                stringtext3                        1000     1000       82         0
                stringtext2                         663      663       C0         0
                stringtext1                        1082     1082       18         0

        CLASS   STRING         

        CLASS   CONST          
                swtext2                             814      814       14         0
                swtext1                             800      800       14         0

        CLASS   ENTRY          

        CLASS   COMMON         
                cstackCOMMON                         70       70        9         1
                bssCOMMON                            79       79        4         1

        CLASS   BANK0          
                cstackBANK0                          20       20       2A         1
                dataBANK0                            62       62        6         1
                bssBANK0                             4A       4A       18         1

        CLASS   BANK1          
                dataBANK1                            C0       C0       20         1
                bssBANK1                             A0       A0       20         1

        CLASS   BANK2          

        CLASS   BANK3          

        CLASS   BANK4          

        CLASS   BANK5          

        CLASS   BANK6          

        CLASS   BANK7          

        CLASS   BANK8          

        CLASS   BANK9          

        CLASS   BANK10         

        CLASS   BANK11         

        CLASS   BANK12         

        CLASS   BANK13         

        CLASS   BANK14         

        CLASS   BANK15         

        CLASS   BANK16         

        CLASS   BANK17         

        CLASS   BANK18         

        CLASS   BANK19         

        CLASS   BANK20         

        CLASS   BANK21         

        CLASS   BANK22         

        CLASS   BANK23         

        CLASS   BANK24         

        CLASS   BANK25         

        CLASS   BIGRAM         

        CLASS   RAM            

        CLASS   ABS1           
                abs_s1                               7E       7E        2         1

        CLASS   SFR0           

        CLASS   SFR1           

        CLASS   SFR2           

        CLASS   SFR3           

        CLASS   SFR4           

        CLASS   SFR5           

        CLASS   SFR6           

        CLASS   SFR7           

        CLASS   SFR8           

        CLASS   SFR9           

        CLASS   SFR10          

        CLASS   SFR11          

        CLASS   SFR12          

        CLASS   SFR13          

        CLASS   SFR14          

        CLASS   SFR15          

        CLASS   SFR16          

        CLASS   SFR17          

        CLASS   SFR18          

        CLASS   SFR19          

        CLASS   SFR20          

        CLASS   SFR21          

        CLASS   SFR22          

        CLASS   SFR23          

        CLASS   SFR24          

        CLASS   SFR25          

        CLASS   SFR26          

        CLASS   SFR27          

        CLASS   SFR28          

        CLASS   SFR29          

        CLASS   SFR30          

        CLASS   SFR31          

        CLASS   CONFIG         
                config                             8007     8007        2         0

        CLASS   IDLOC          

        CLASS   EEDATA         

        CLASS   BANK31         

        CLASS   BANK30         

        CLASS   BANK29         

        CLASS   BANK28         

        CLASS   BANK27         

        CLASS   BANK26         



SEGMENTS        Name                           Load    Length   Top    Selector   Space  Class     Delta

                reset_vec                      000000  000002  000002         0       0  CODE        2
                intentry                       000004  00065F  000663         8       0  CODE        2
                cstackBANK0                    000020  000048  000068        20       1  BANK0       1
                cstackCOMMON                   000070  00000D  00007D        70       1  COMMON      1
                bssBANK1                       0000A0  000040  0000E0        A0       1  BANK1       1
                stringtext2                    000663  0000C0  000723       CC6       0  STRCODE     2
                text11                         000723  0000DC  0007FF       E46       0  CODE        2
                swtext1                        000800  000028  000828      1000       0  CONST       2
                text30                         000B90  000004  000B94      1720       0  CODE        2
                text23                         000B94  000004  000B98      1728       0  CODE        2
                text29                         000B98  000006  000B9E      1730       0  CODE        2
                text28                         000B9E  000006  000BA4      173C       0  CODE        2
                clrtext                        000BA4  000006  000BAA      1748       0  CODE        2
                inittext                       000BAA  000006  000BB0      1754       0  CODE        2
                idataBANK0                     000BB0  000006  000BB6      1760       0  CODE        2
                text20                         000BB6  000009  000BBF      176C       0  CODE        2
                text18                         000BBF  000009  000BC8      177E       0  CODE        2
                text15                         000BC8  000009  000BD1      1790       0  CODE        2
                text26                         000BD1  00000F  000BE0      17A2       0  CODE        2
                text24                         000BE0  00000F  000BEF      17C0       0  CODE        2
                text22                         000BEF  000010  000BFF      17DE       0  CODE        2
                text6                          000BFF  000010  000C0F      17FE       0  CODE        2
                text16                         000C0F  000015  000C24      181E       0  CODE        2
                text17                         000C24  00001A  000C3E      1848       0  CODE        2
                text19                         000C3E  00001D  000C5B      187C       0  CODE        2
                text13                         000C5B  00001D  000C78      18B6       0  CODE        2
                text14                         000C78  00001E  000C96      18F0       0  CODE        2
                idataBANK1                     000C96  000020  000CB6      192C       0  CODE        2
                text37                         000CB6  000022  000CD8      196C       0  CODE        2
                text25                         000CD8  000022  000CFA      19B0       0  CODE        2
                text5                          000CFA  000023  000D1D      19F4       0  CODE        2
                text36                         000D1D  000024  000D41      1A3A       0  CODE        2
                text2                          000D41  000024  000D65      1A82       0  CODE        2
                text31                         000D65  000029  000D8E      1ACA       0  CODE        2
                text27                         000D8E  00002B  000DB9      1B1C       0  CODE        2
                text8                          000DB9  00002C  000DE5      1B72       0  CODE        2
                text34                         000DE5  00002D  000E12      1BCA       0  CODE        2
                text21                         000E12  00002F  000E41      1C24       0  CODE        2
                text9                          000E41  00005E  000E9F      1C82       0  CODE        2
                text10                         000E9F  00006A  000F09      1D3E       0  CODE        2
                text12                         000F09  000070  000F79      1E12       0  CODE        2
                text3                          000F79  000087  001000      1EF2       0  CODE        2
                stringtext3                    001000  00009A  00109A      2000       0  STRCODE     2
                config                         008007  000002  008009     1000E       0  CONFIG      2


UNUSED ADDRESS RANGES

        Name                Unused          Largest block    Delta
        BANK0            00068-0006F               8           1
        BANK1            000E0-000EF              10           1
        BANK10           00520-0056F              50           1
        BANK11           005A0-005EF              50           1
        BANK12           00620-0066F              50           1
        BANK13           006A0-006EF              50           1
        BANK14           00720-0076F              50           1
        BANK15           007A0-007EF              50           1
        BANK16           00820-0086F              50           1
        BANK17           008A0-008EF              50           1
        BANK18           00920-0096F              50           1
        BANK19           009A0-009EF              50           1
        BANK2            00120-0016F              50           1
        BANK20           00A20-00A6F              50           1
        BANK21           00AA0-00AEF              50           1
        BANK22           00B20-00B6F              50           1
        BANK23           00BA0-00BEF              50           1
        BANK24           00C20-00C6F              50           1
        BANK25           00CA0-00CBF              20           1
        BANK3            001A0-001EF              50           1
        BANK4            00220-0026F              50           1
        BANK5            002A0-002EF              50           1
        BANK6            00320-0036F              50           1
        BANK7            003A0-003EF              50           1
        BANK8            00420-0046F              50           1
        BANK9            004A0-004EF              50           1
        BIGRAM           02000-027EF             7F0           1
        CODE             00002-00003               2           2
                         007FF-007FF               1
                         00828-00B8F             368
                         0109A-03FFF             800
        COMMON           0007D-0007D               1           1
        CONST            00002-00003               2           2
                         007FF-007FF               1
                         00828-00B8F             100
                         0109A-03FFF             100
        EEDATA           0F000-0F0FF             100           2
        ENTRY            00002-00003               2           2
                         007FF-007FF               1
                         00828-00B8F             100
                         0109A-03FFF             100
        IDLOC            08000-08003               4           2
        RAM              00068-0006F               8           1
                         000E0-000EF              10
                         00120-0016F              50
                         001A0-001EF              50
                         00220-0026F              50
                         002A0-002EF              50
                         00320-0036F              50
                         003A0-003EF              50
                         00420-0046F              50
                         004A0-004EF              50
                         00520-0056F              50
                         005A0-005EF              50
                         00620-0066F              50
                         006A0-006EF              50
                         00720-0076F              50
                         007A0-007EF              50
                         00820-0086F              50
                         008A0-008EF              50
                         00920-0096F              50
                         009A0-009EF              50
                         00A20-00A6F              50
                         00AA0-00AEF              50
                         00B20-00B6F              50
                         00BA0-00BEF              50
                         00C20-00C6F              50
                         00CA0-00CBF              20
        SFR0             00000-0001F              20           1
        SFR1             00080-0009F              20           1
        SFR10            00500-0051F              20           1
        SFR11            00580-0059F              20           1
        SFR12            00600-0061F              20           1
        SFR13            00680-0069F              20           1
        SFR14            00700-0071F              20           1
        SFR15            00780-0079F              20           1
        SFR16            00800-0081F              20           1
        SFR17            00880-0089F              20           1
        SFR18            00900-0091F              20           1
        SFR19            00980-0099F              20           1
        SFR2             00100-0011F              20           1
        SFR20            00A00-00A1F              20           1
        SFR21            00A80-00A9F              20           1
        SFR22            00B00-00B1F              20           1
        SFR23            00B80-00B9F              20           1
        SFR24            00C00-00C1F              20           1
        SFR25            00C80-00C9F              20           1
        SFR26            00D00-00D6F              70           1
        SFR27            00D80-00DEF              70           1
        SFR28            00E00-00E6F              70           1
        SFR29            00E80-00EEF              70           1
        SFR3             00180-0019F              20           1
        SFR30            00F00-00F6F              70           1
        SFR31            00F80-00FEF              70           1
        SFR4             00200-0021F              20           1
        SFR5             00280-0029F              20           1
        SFR6             00300-0031F              20           1
        SFR7             00380-0039F              20           1
        SFR8             00400-0041F              20           1
        SFR9             00480-0049F              20           1
        STACK            02090-027EF             760           1
        STRCODE          00002-00003               2           2
                         007FF-007FF               1
                         00828-00B8F             368
                         0109A-03FFF            2F66
        STRING           00002-00003               2           2
                         007FF-007FF               1
                         00828-00B8F             100
                         0109A-03FFF             100

                                  Symbol Table

?___awdiv                                     cstackBANK0  00020
?___awmod                                     cstackBANK0  00020
?___wmul                                      cstackBANK0  00020
?_strlen                                      cstackBANK0  00020
EUSART_Read@readValue                         cstackBANK0  00021
EUSART_SetRxInterruptHandler@interruptHandler cstackBANK0  00020
EUSART_SetTxInterruptHandler@interruptHandler cstackBANK0  00020
TMR0_ISR@ctl_encoder_dir                      cstackCOMMON 00078
TMR0_ISR@i                                    cstackCOMMON 00077
_ANSELA                                       (abs)        0018C
_ANSELB                                       (abs)        0018D
_ANSELC                                       (abs)        0018E
_APFCON1                                      (abs)        0011D
_APFCON2                                      (abs)        0011C
_BAUD1CON                                     (abs)        0019F
_BORCON                                       (abs)        00116
_EEADRH                                       (abs)        00192
_EEADRL                                       (abs)        00191
_EECON1bits                                   (abs)        00195
_EECON2                                       (abs)        00196
_EEDATH                                       (abs)        00194
_EEDATL                                       (abs)        00193
_EUSART_Initialize                            text27       00D8E
_EUSART_Read                                  text31       00D65
_EUSART_Receive_ISR                           text37       00CB6
_EUSART_RxDefaultInterruptHandler             bssBANK0     00056
_EUSART_SetRxInterruptHandler                 text29       00B98
_EUSART_SetTxInterruptHandler                 text28       00B9E
_EUSART_Transmit_ISR                          text36       00D1D
_EUSART_TxDefaultInterruptHandler             bssBANK0     00058
_EUSART_is_rx_ready                           text30       00B90
_INTCONbits                                   (abs)        0000B
_INTERRUPT_InterruptManager                   intentry     00004
_IOCAFbits                                    (abs)        00393
_LATA                                         (abs)        0010C
_LATAbits                                     (abs)        0010C
_LATB                                         (abs)        0010D
_LATC                                         (abs)        0010E
_LATCbits                                     (abs)        0010E
_ODCONA                                       (abs)        0028C
_ODCONB                                       (abs)        0028D
_ODCONC                                       (abs)        0028E
_OPLL_FNUM                                    stringtext1  01082
_OPTION_REG                                   (abs)        00095
_OPTION_REGbits                               (abs)        00095
_OSCCON                                       (abs)        00099
_OSCILLATOR_Initialize                        text26       00BD1
_OSCSTAT                                      (abs)        0009A
_OSCTUNE                                      (abs)        00098
_PIE1bits                                     (abs)        00091
_PIN_MANAGER_Initialize                       text25       00CD8
_PIR1bits                                     (abs)        00011
_PLLR                                         (abs)        004D6
_PORTB                                        (abs)        0000D
_PORTCbits                                    (abs)        0000E
_RC1REG                                       (abs)        00199
_RC1STA                                       (abs)        0019D
_RC1STAbits                                   (abs)        0019D
_SP1BRGH                                      (abs)        0019C
_SP1BRGL                                      (abs)        0019B
_SYNTH_INSTRUMENT_DESC                        stringtext2  00663
_SYNTH_PARAM_DESC                             stringtext3  01000
_SYSTEM_Initialize                            text22       00BEF
_TMR0                                         (abs)        00015
_TMR0_ISR                                     text33       0056D
_TMR0_Initialize                              text24       00BE0
_TRISA                                        (abs)        0008C
_TRISAbits                                    (abs)        0008C
_TRISB                                        (abs)        0008D
_TRISC                                        (abs)        0008E
_TRISE                                        (abs)        00090
_TX1REG                                       (abs)        0019A
_TX1STA                                       (abs)        0019E
_TX1STAbits                                   (abs)        0019E
_WDTCON                                       (abs)        00097
_WDT_Initialize                               text23       00B94
_WPUA                                         (abs)        0020C
_WPUB                                         (abs)        0020D
_WPUC                                         (abs)        0020E
_WPUE                                         (abs)        00210
__CFG_BOREN$ON                                (abs)        00000
__CFG_BORV$LO                                 (abs)        00000
__CFG_CLKOUTEN$OFF                            (abs)        00000
__CFG_CP$OFF                                  (abs)        00000
__CFG_CPD$OFF                                 (abs)        00000
__CFG_FCMEN$ON                                (abs)        00000
__CFG_FOSC$EXTRC                              (abs)        00000
__CFG_IESO$ON                                 (abs)        00000
__CFG_LPBOR$OFF                               (abs)        00000
__CFG_LVP$ON                                  (abs)        00000
__CFG_MCLRE$ON                                (abs)        00000
__CFG_PLLEN$ON                                (abs)        00000
__CFG_PWRTE$OFF                               (abs)        00000
__CFG_STVREN$ON                               (abs)        00000
__CFG_VCAPEN$OFF                              (abs)        00000
__CFG_WDTE$OFF                                (abs)        00000
__CFG_WRT$OFF                                 (abs)        00000
__Habs1                                       abs1         00000
__Hbank0                                      bank0        00000
__Hbank1                                      bank1        00000
__Hbank10                                     bank10       00000
__Hbank11                                     bank11       00000
__Hbank12                                     bank12       00000
__Hbank13                                     bank13       00000
__Hbank14                                     bank14       00000
__Hbank15                                     bank15       00000
__Hbank16                                     bank16       00000
__Hbank17                                     bank17       00000
__Hbank18                                     bank18       00000
__Hbank19                                     bank19       00000
__Hbank2                                      bank2        00000
__Hbank20                                     bank20       00000
__Hbank21                                     bank21       00000
__Hbank22                                     bank22       00000
__Hbank23                                     bank23       00000
__Hbank24                                     bank24       00000
__Hbank25                                     bank25       00000
__Hbank26                                     bank26       00000
__Hbank27                                     bank27       00000
__Hbank28                                     bank28       00000
__Hbank29                                     bank29       00000
__Hbank3                                      bank3        00000
__Hbank30                                     bank30       00000
__Hbank31                                     bank31       00000
__Hbank4                                      bank4        00000
__Hbank5                                      bank5        00000
__Hbank6                                      bank6        00000
__Hbank7                                      bank7        00000
__Hbank8                                      bank8        00000
__Hbank9                                      bank9        00000
__Hbigram                                     bigram       00000
__HbssBANK0                                   bssBANK0     00000
__HbssBANK1                                   bssBANK1     00000
__HbssCOMMON                                  bssCOMMON    00000
__Hcinit                                      cinit        0006F
__Hclrtext                                    clrtext      00000
__Hcode                                       code         00000
__Hcommon                                     common       00000
__Hconfig                                     config       08009
__HcstackBANK0                                cstackBANK0  00000
__HcstackCOMMON                               cstackCOMMON 00000
__HdataBANK0                                  dataBANK0    00000
__HdataBANK1                                  dataBANK1    00000
__Heeprom_data                                eeprom_data  00000
__Hend_init                                   end_init     0003F
__Hfunctab                                    functab      00000
__HidataBANK0                                 idataBANK0   00000
__HidataBANK1                                 idataBANK1   00000
__Hidloc                                      idloc        00000
__Hinit                                       init         0003D
__Hinittext                                   inittext     00000
__Hintentry                                   intentry     0003D
__Hmaintext                                   maintext     00000
__Hpowerup                                    powerup      00000
__Hram                                        ram          00000
__Hreset_vec                                  reset_vec    00002
__Hsfr0                                       sfr0         00000
__Hsfr1                                       sfr1         00000
__Hsfr10                                      sfr10        00000
__Hsfr11                                      sfr11        00000
__Hsfr12                                      sfr12        00000
__Hsfr13                                      sfr13        00000
__Hsfr14                                      sfr14        00000
__Hsfr15                                      sfr15        00000
__Hsfr16                                      sfr16        00000
__Hsfr17                                      sfr17        00000
__Hsfr18                                      sfr18        00000
__Hsfr19                                      sfr19        00000
__Hsfr2                                       sfr2         00000
__Hsfr20                                      sfr20        00000
__Hsfr21                                      sfr21        00000
__Hsfr22                                      sfr22        00000
__Hsfr23                                      sfr23        00000
__Hsfr24                                      sfr24        00000
__Hsfr25                                      sfr25        00000
__Hsfr26                                      sfr26        00000
__Hsfr27                                      sfr27        00000
__Hsfr28                                      sfr28        00000
__Hsfr29                                      sfr29        00000
__Hsfr3                                       sfr3         00000
__Hsfr30                                      sfr30        00000
__Hsfr31                                      sfr31        00000
__Hsfr4                                       sfr4         00000
__Hsfr5                                       sfr5         00000
__Hsfr6                                       sfr6         00000
__Hsfr7                                       sfr7         00000
__Hsfr8                                       sfr8         00000
__Hsfr9                                       sfr9         00000
__Hspace_0                                    (abs)        08009
__Hspace_1                                    (abs)        000E0
__Hspace_2                                    (abs)        00000
__Hspace_3                                    (abs)        00000
__Hstack                                      stack        00000
__Hstrings                                    strings      00000
__Hstringtext1                                stringtext1  00000
__Hstringtext2                                stringtext2  00000
__Hstringtext3                                stringtext3  00000
__Htext                                       text         00000
__Labs1                                       abs1         00000
__Lbank0                                      bank0        00000
__Lbank1                                      bank1        00000
__Lbank10                                     bank10       00000
__Lbank11                                     bank11       00000
__Lbank12                                     bank12       00000
__Lbank13                                     bank13       00000
__Lbank14                                     bank14       00000
__Lbank15                                     bank15       00000
__Lbank16                                     bank16       00000
__Lbank17                                     bank17       00000
__Lbank18                                     bank18       00000
__Lbank19                                     bank19       00000
__Lbank2                                      bank2        00000
__Lbank20                                     bank20       00000
__Lbank21                                     bank21       00000
__Lbank22                                     bank22       00000
__Lbank23                                     bank23       00000
__Lbank24                                     bank24       00000
__Lbank25                                     bank25       00000
__Lbank26                                     bank26       00000
__Lbank27                                     bank27       00000
__Lbank28                                     bank28       00000
__Lbank29                                     bank29       00000
__Lbank3                                      bank3        00000
__Lbank30                                     bank30       00000
__Lbank31                                     bank31       00000
__Lbank4                                      bank4        00000
__Lbank5                                      bank5        00000
__Lbank6                                      bank6        00000
__Lbank7                                      bank7        00000
__Lbank8                                      bank8        00000
__Lbank9                                      bank9        00000
__Lbigram                                     bigram       00000
__LbssBANK0                                   bssBANK0     00000
__LbssBANK1                                   bssBANK1     00000
__LbssCOMMON                                  bssCOMMON    00000
__Lcinit                                      cinit        0003F
__Lclrtext                                    clrtext      00000
__Lcode                                       code         00000
__Lcommon                                     common       00000
__Lconfig                                     config       08007
__LcstackBANK0                                cstackBANK0  00000
__LcstackCOMMON                               cstackCOMMON 00000
__LdataBANK0                                  dataBANK0    00000
__LdataBANK1                                  dataBANK1    00000
__Leeprom_data                                eeprom_data  00000
__Lend_init                                   end_init     0003D
__Lfunctab                                    functab      00000
__LidataBANK0                                 idataBANK0   00000
__LidataBANK1                                 idataBANK1   00000
__Lidloc                                      idloc        00000
__Linit                                       init         0003D
__Linittext                                   inittext     00000
__Lintentry                                   intentry     00004
__Lmaintext                                   maintext     00000
__Lpowerup                                    powerup      00000
__Lram                                        ram          00000
__Lreset_vec                                  reset_vec    00000
__Lsfr0                                       sfr0         00000
__Lsfr1                                       sfr1         00000
__Lsfr10                                      sfr10        00000
__Lsfr11                                      sfr11        00000
__Lsfr12                                      sfr12        00000
__Lsfr13                                      sfr13        00000
__Lsfr14                                      sfr14        00000
__Lsfr15                                      sfr15        00000
__Lsfr16                                      sfr16        00000
__Lsfr17                                      sfr17        00000
__Lsfr18                                      sfr18        00000
__Lsfr19                                      sfr19        00000
__Lsfr2                                       sfr2         00000
__Lsfr20                                      sfr20        00000
__Lsfr21                                      sfr21        00000
__Lsfr22                                      sfr22        00000
__Lsfr23                                      sfr23        00000
__Lsfr24                                      sfr24        00000
__Lsfr25                                      sfr25        00000
__Lsfr26                                      sfr26        00000
__Lsfr27                                      sfr27        00000
__Lsfr28                                      sfr28        00000
__Lsfr29                                      sfr29        00000
__Lsfr3                                       sfr3         00000
__Lsfr30                                      sfr30        00000
__Lsfr31                                      sfr31        00000
__Lsfr4                                       sfr4         00000
__Lsfr5                                       sfr5         00000
__Lsfr6                                       sfr6         00000
__Lsfr7                                       sfr7         00000
__Lsfr8                                       sfr8         00000
__Lsfr9                                       sfr9         00000
__Lspace_0                                    (abs)        00000
__Lspace_1                                    (abs)        00000
__Lspace_2                                    (abs)        00000
__Lspace_3                                    (abs)        00000
__Lstack                                      stack        00000
__Lstrings                                    strings      00000
__Lstringtext1                                stringtext1  00000
__Lstringtext2                                stringtext2  00000
__Lstringtext3                                stringtext3  00000
__Ltext                                       text         00000
__S0                                          (abs)        08009
__S1                                          (abs)        000E0
__S2                                          (abs)        00000
__S3                                          (abs)        00000
___awdiv                                      text10       00E9F
___awdiv@counter                              cstackBANK0  00025
___awdiv@dividend                             cstackBANK0  00022
___awdiv@divisor                              cstackBANK0  00020
___awdiv@quotient                             cstackBANK0  00027
___awdiv@sign                                 cstackBANK0  00026
___awmod                                      text9        00E41
___awmod@counter                              cstackBANK0  00025
___awmod@dividend                             cstackBANK0  00022
___awmod@divisor                              cstackBANK0  00020
___awmod@sign                                 cstackBANK0  00026
___bmul                                       text17       00C24
___bmul@multiplicand                          cstackBANK0  00020
___bmul@multiplier                            cstackBANK0  00023
___bmul@product                               cstackBANK0  00022
___int_sp                                     stack        00000
___latbits                                    (abs)        00003
___sp                                         stack        00000
___wmul                                       text5        00CFA
___wmul@multiplicand                          cstackBANK0  00022
___wmul@multiplier                            cstackBANK0  00020
___wmul@product                               cstackBANK0  00024
__end_of_EUSART_Initialize                    text27       00DB9
__end_of_EUSART_Read                          text31       00D8E
__end_of_EUSART_Receive_ISR                   text37       00CD8
__end_of_EUSART_SetRxInterruptHandler         text29       00B9E
__end_of_EUSART_SetTxInterruptHandler         text28       00BA4
__end_of_EUSART_Transmit_ISR                  text36       00D41
__end_of_EUSART_is_rx_ready                   text30       00B94
__end_of_INTERRUPT_InterruptManager           intentry     0003D
__end_of_OPLL_FNUM                            stringtext1  0109A
__end_of_OSCILLATOR_Initialize                text26       00BE0
__end_of_PIN_MANAGER_Initialize               text25       00CFA
__end_of_SYNTH_INSTRUMENT_DESC                stringtext2  00723
__end_of_SYNTH_PARAM_DESC                     stringtext3  01082
__end_of_SYSTEM_Initialize                    text22       00BFF
__end_of_TMR0_ISR                             text33       00663
__end_of_TMR0_Initialize                      text24       00BEF
__end_of_WDT_Initialize                       text23       00B98
__end_of___awdiv                              text10       00F09
__end_of___awmod                              text9        00E9F
__end_of___bmul                               text17       00C3E
__end_of___wmul                               text5        00D1D
__end_of__initialization                      cinit        0006B
__end_of_ctl_status_reset                     text20       00BBF
__end_of_ctl_status_update                    text21       00E41
__end_of_dpy_cursor_hide                      text18       00BC8
__end_of_dpy_cursor_move                      text16       00C24
__end_of_dpy_cursor_show                      text15       00BD1
__end_of_dpy_reset                            text14       00C96
__end_of_dpy_update                           text12       00F79
__end_of_dpy_write_data                       text13       00C78
__end_of_dpy_write_instruction                text19       00C5B
__end_of_main                                 maintext     00325
__end_of_memcpy                               text4        007FF
__end_of_memset                               text11       007CE
__end_of_opll_play                            text7        001E9
__end_of_opll_reset                           text6        00C0F
__end_of_opll_write                           text8        00DE5
__end_of_sprintn                              text3        01000
__end_of_strlen                               text2        00D65
__end_of_synth_param_change                   text35       0056D
__end_of_synth_param_snprint                  text1        0045D
__end_ofi1_ctl_status_update                  text34       00E12
__initialization                              cinit        0003F
__pbssBANK0                                   bssBANK0     0004A
__pbssBANK1                                   bssBANK1     000A0
__pbssCOMMON                                  bssCOMMON    00079
__pcstackBANK0                                cstackBANK0  00020
__pcstackCOMMON                               cstackCOMMON 00070
__pdataBANK0                                  dataBANK0    00062
__pdataBANK1                                  dataBANK1    000C0
__pidataBANK0                                 idataBANK0   00BB0
__pidataBANK1                                 idataBANK1   00C96
__pintentry                                   intentry     00004
__pmaintext                                   maintext     001E9
__pstringtext1                                stringtext1  01082
__pstringtext2                                stringtext2  00663
__pstringtext3                                stringtext3  01000
__pswtext1                                    swtext1      00800
__pswtext2                                    swtext2      00814
__ptext1                                      text1        00325
__ptext10                                     text10       00E9F
__ptext11                                     text11       00723
__ptext12                                     text12       00F09
__ptext13                                     text13       00C5B
__ptext14                                     text14       00C78
__ptext15                                     text15       00BC8
__ptext16                                     text16       00C0F
__ptext17                                     text17       00C24
__ptext18                                     text18       00BBF
__ptext19                                     text19       00C3E
__ptext2                                      text2        00D41
__ptext20                                     text20       00BB6
__ptext21                                     text21       00E12
__ptext22                                     text22       00BEF
__ptext23                                     text23       00B94
__ptext24                                     text24       00BE0
__ptext25                                     text25       00CD8
__ptext26                                     text26       00BD1
__ptext27                                     text27       00D8E
__ptext28                                     text28       00B9E
__ptext29                                     text29       00B98
__ptext3                                      text3        00F79
__ptext30                                     text30       00B90
__ptext31                                     text31       00D65
__ptext33                                     text33       0056D
__ptext34                                     text34       00DE5
__ptext35                                     text35       0045D
__ptext36                                     text36       00D1D
__ptext37                                     text37       00CB6
__ptext4                                      text4        007CE
__ptext5                                      text5        00CFA
__ptext6                                      text6        00BFF
__ptext7                                      text7        0006F
__ptext8                                      text8        00DB9
__ptext9                                      text9        00E41
__size_of_EUSART_Initialize                   (abs)        00000
__size_of_EUSART_Read                         (abs)        00000
__size_of_EUSART_Receive_ISR                  (abs)        00000
__size_of_EUSART_SetRxInterruptHandler        (abs)        00000
__size_of_EUSART_SetTxInterruptHandler        (abs)        00000
__size_of_EUSART_Transmit_ISR                 (abs)        00000
__size_of_EUSART_is_rx_ready                  (abs)        00000
__size_of_INTERRUPT_InterruptManager          (abs)        00000
__size_of_OSCILLATOR_Initialize               (abs)        00000
__size_of_PIN_MANAGER_Initialize              (abs)        00000
__size_of_SYSTEM_Initialize                   (abs)        00000
__size_of_TMR0_ISR                            (abs)        00000
__size_of_TMR0_Initialize                     (abs)        00000
__size_of_WDT_Initialize                      (abs)        00000
__size_of___awdiv                             (abs)        00000
__size_of___awmod                             (abs)        00000
__size_of___bmul                              (abs)        00000
__size_of___wmul                              (abs)        00000
__size_of_ctl_status_reset                    (abs)        00000
__size_of_ctl_status_update                   (abs)        00000
__size_of_dpy_cursor_hide                     (abs)        00000
__size_of_dpy_cursor_move                     (abs)        00000
__size_of_dpy_cursor_show                     (abs)        00000
__size_of_dpy_reset                           (abs)        00000
__size_of_dpy_update                          (abs)        00000
__size_of_dpy_write_data                      (abs)        00000
__size_of_dpy_write_instruction               (abs)        00000
__size_of_main                                (abs)        00000
__size_of_memcpy                              (abs)        00000
__size_of_memset                              (abs)        00000
__size_of_opll_play                           (abs)        00000
__size_of_opll_reset                          (abs)        00000
__size_of_opll_write                          (abs)        00000
__size_of_sprintn                             (abs)        00000
__size_of_strlen                              (abs)        00000
__size_of_synth_param_change                  (abs)        00000
__size_of_synth_param_snprint                 (abs)        00000
__size_ofi1_ctl_status_update                 (abs)        00000
_button_press_ms                              bssBANK0     00052
_chan                                         bssBANK1     000A0
_ctl_status                                   bssBANK0     0005A
_ctl_status_prev                              bssCOMMON    0007B
_ctl_status_reset                             text20       00BB6
_ctl_status_update                            text21       00E12
_dpy_cursor_hide                              text18       00BBF
_dpy_cursor_move                              text16       00C0F
_dpy_cursor_show                              text15       00BC8
_dpy_framebuf                                 dataBANK1    000C0
_dpy_need_update                              bssBANK0     0005B
_dpy_reset                                    text14       00C78
_dpy_update                                   text12       00F09
_dpy_write_data                               text13       00C5B
_dpy_write_instruction                        text19       00C3E
_eusartRxBuffer                               bssBANK1     000B0
_eusartRxCount                                bssBANK0     0005C
_eusartRxHead                                 bssBANK0     0005E
_eusartRxTail                                 bssBANK0     0005D
_eusartTxBuffer                               bssBANK0     0004A
_eusartTxBufferRemaining                      bssBANK0     0005F
_eusartTxHead                                 bssBANK0     00061
_eusartTxTail                                 bssBANK0     00060
_main                                         maintext     001E9
_memcpy                                       text4        007CE
_memset                                       text11       00723
_opll_play                                    text7        0006F
_opll_reset                                   text6        00BFF
_opll_write                                   text8        00DB9
_sprintn                                      text3        00F79
_strlen                                       text2        00D41
_synth                                        dataBANK0    00062
_synth_param_change                           text35       0045D
_synth_param_cur                              bssCOMMON    0007A
_synth_param_editing                          bssCOMMON    00079
_synth_param_snprint                          text1        00325
_timer0ReloadVal                              bssCOMMON    0007C
btemp                                         (abs)        0007E
clear_ram0                                    clrtext      00BA4
ctl_status_update@i                           cstackBANK0  00022
dpy_cursor_move@col                           cstackBANK0  00024
dpy_cursor_move@row                           cstackBANK0  00026
dpy_update@c                                  cstackBANK0  00022
dpy_update@i                                  cstackBANK0  00023
dpy_write_data@x                              cstackBANK0  00020
dpy_write_instruction@x                       cstackBANK0  00020
end_of_initialization                         cinit        0006B
i1_ctl_status_update                          text34       00DE5
i1ctl_status_update@i                         cstackCOMMON 00072
init_ram                                      inittext     00BAA
int$flags                                     (abs)        0007E
intlevel0                                     functab      00000
intlevel1                                     functab      00000
intlevel2                                     functab      00000
intlevel3                                     functab      00000
intlevel4                                     functab      00000
intlevel5                                     functab      00000
main@cur_col                                  cstackBANK0  00046
main@d                                        cstackBANK0  00049
main@midi_data                                cstackBANK0  0003E
main@midi_data_len                            cstackBANK0  00048
main@msg                                      cstackBANK0  00047
memcpy@d                                      cstackBANK0  00028
memcpy@d1                                     cstackBANK0  00029
memcpy@n                                      cstackBANK0  00022
memcpy@s                                      cstackBANK0  00025
memcpy@s1                                     cstackBANK0  00020
memcpy@tmp                                    cstackBANK0  00027
memset@c                                      cstackBANK0  00020
memset@dest                                   cstackBANK0  00028
memset@k                                      cstackBANK0  00026
memset@n                                      cstackBANK0  00022
memset@s                                      cstackBANK0  00029
opll_play@ch                                  cstackBANK0  00032
opll_play@i                                   cstackBANK0  00031
opll_play@key                                 cstackBANK0  00030
opll_play@n                                   cstackBANK0  0002D
opll_play@oct                                 cstackBANK0  0002F
opll_play@vel                                 cstackBANK0  00029
opll_write@addr                               cstackBANK0  00021
opll_write@val                                cstackBANK0  00020
reset_vec                                     reset_vec    00000
sprintn@buf                                   cstackBANK0  0002E
sprintn@n                                     cstackBANK0  00029
sprintn@p                                     cstackBANK0  0002D
stackhi                                       (abs)        027EF
stacklo                                       (abs)        02090
start                                         init         0003D
start_initialization                          cinit        0003F
strlen@a                                      cstackBANK0  00024
strlen@s                                      cstackBANK0  00020
synth_param_change@amount                     cstackCOMMON 00070
synth_param_change@d                          cstackCOMMON 00074
synth_param_change@param                      cstackCOMMON 00073
synth_param_snprint@buf                       cstackBANK0  00039
synth_param_snprint@buf_len                   cstackBANK0  0002F
synth_param_snprint@d                         cstackBANK0  0003A
synth_param_snprint@d1                        cstackBANK0  00035
synth_param_snprint@d2                        cstackBANK0  00036
synth_param_snprint@desc                      cstackBANK0  00037
synth_param_snprint@param                     cstackBANK0  00030
wtemp0                                        (abs)        0007E


FUNCTION INFORMATION:

 *************** function _main *****************
 Defined at:
		line 610 in file "main.c"
 Parameters:    Size  Location     Type
		None
 Auto vars:     Size  Location     Type
  midi_data       8   30[BANK0 ] unsigned char [8]
  d               1   41[BANK0 ] unsigned char 
  midi_data_le    1   40[BANK0 ] unsigned char 
  msg             1   39[BANK0 ] unsigned char 
  cur_col         1   38[BANK0 ] unsigned char 
 Return value:  Size  Location     Type
                  1    wreg      void 
 Registers used:
		wreg, fsr0l, fsr0h, fsr1l, fsr1h, status,2, status,0, pclath, cstack
 Tracked objects:
		On entry : 
		On exit  : 
		Unchanged: 
 Data sizes:     COMMON   BANK0   BANK1   BANK2   BANK3   BANK4   BANK5   BANK6   BANK7   BANK8   BANK9  BANK10  BANK11  BANK12  BANK13  BANK14  BANK15  BANK16  BANK17  BANK18  BANK19  BANK20  BANK21  BANK22  BANK23  BANK24  BANK25
      Params:         0       0       0       0       0       0       0       0       0       0       0       0       0       0       0       0       0       0       0       0       0       0       0       0       0       0       0
      Locals:         0      12       0       0       0       0       0       0       0       0       0       0       0       0       0       0       0       0       0       0       0       0       0       0       0       0       0
      Temps:          0       3       0       0       0       0       0       0       0       0       0       0       0       0       0       0       0       0       0       0       0       0       0       0       0       0       0
      Totals:         0      15       0       0       0       0       0       0       0       0       0       0       0       0       0       0       0       0       0       0       0       0       0       0       0       0       0
Total ram usage:       15 bytes
 Hardware stack levels required when called:    6
 This function calls:
		_EUSART_Read
		_EUSART_is_rx_ready
		_SYSTEM_Initialize
		_ctl_status_reset
		_dpy_cursor_hide
		_dpy_cursor_move
		_dpy_cursor_show
		_dpy_reset
		_dpy_update
		_memset
		_opll_play
		_opll_reset
		_opll_write
		_synth_param_snprint
 This function is called by:
		Startup code after reset
 This function uses a non-reentrant model


 *************** function _synth_param_snprint *****************
 Defined at:
		line 491 in file "main.c"
 Parameters:    Size  Location     Type
  buf             1    wreg     PTR unsigned char 
		 -> dpy_framebuf(32), 
  buf_len         1   15[BANK0 ] unsigned char 
  param           1   16[BANK0 ] unsigned char 
 Auto vars:     Size  Location     Type
  buf             1   25[BANK0 ] PTR unsigned char 
		 -> dpy_framebuf(32), 
  desc            2   23[BANK0 ] PTR const unsigned char 
		 -> SYNTH_INSTRUMENT_DESC(192), SYNTH_PARAM_DESC(130), 
  d               1   26[BANK0 ] unsigned char 
  d2              1   22[BANK0 ] unsigned char 
  d1              1   21[BANK0 ] unsigned char 
 Return value:  Size  Location     Type
                  1    wreg      unsigned char 
 Registers used:
		wreg, fsr0l, fsr0h, fsr1l, fsr1h, status,2, status,0, pclath, cstack
 Tracked objects:
		On entry : 
		On exit  : 
		Unchanged: 
 Data sizes:     COMMON   BANK0   BANK1   BANK2   BANK3   BANK4   BANK5   BANK6   BANK7   BANK8   BANK9  BANK10  BANK11  BANK12  BANK13  BANK14  BANK15  BANK16  BANK17  BANK18  BANK19  BANK20  BANK21  BANK22  BANK23  BANK24  BANK25
      Params:         0       2       0       0       0       0       0       0       0       0       0       0       0       0       0       0       0       0       0       0       0       0       0       0       0       0       0
      Locals:         0       6       0       0       0       0       0       0       0       0       0       0       0       0       0       0       0       0       0       0       0       0       0       0       0       0       0
      Temps:          0       4       0       0       0       0       0       0       0       0       0       0       0       0       0       0       0       0       0       0       0       0       0       0       0       0       0
      Totals:         0      12       0       0       0       0       0       0       0       0       0       0       0       0       0       0       0       0       0       0       0       0       0       0       0       0       0
Total ram usage:       12 bytes
 Hardware stack levels used:    1
 Hardware stack levels required when called:    5
 This function calls:
		___wmul
		_memcpy
		_sprintn
		_strlen
 This function is called by:
		_main
 This function uses a non-reentrant model


 *************** function _strlen *****************
 Defined at:
		line 12 in file "/opt/microchip/xc8/v2.00/pic/sources/c99/common/strlen.c"
 Parameters:    Size  Location     Type
  s               2    0[BANK0 ] PTR const unsigned char 
		 -> SYNTH_INSTRUMENT_DESC(192), SYNTH_PARAM_DESC(130), 
 Auto vars:     Size  Location     Type
  a               2    4[BANK0 ] PTR const unsigned char 
		 -> SYNTH_INSTRUMENT_DESC(192), SYNTH_PARAM_DESC(130), 
 Return value:  Size  Location     Type
                  2    0[BANK0 ] unsigned int 
 Registers used:
		wreg, fsr0l, fsr0h, status,2, status,0
 Tracked objects:
		On entry : 
		On exit  : 
		Unchanged: 
 Data sizes:     COMMON   BANK0   BANK1   BANK2   BANK3   BANK4   BANK5   BANK6   BANK7   BANK8   BANK9  BANK10  BANK11  BANK12  BANK13  BANK14  BANK15  BANK16  BANK17  BANK18  BANK19  BANK20  BANK21  BANK22  BANK23  BANK24  BANK25
      Params:         0       2       0       0       0       0       0       0       0       0       0       0       0       0       0       0       0       0       0       0       0       0       0       0       0       0       0
      Locals:         0       2       0       0       0       0       0       0       0       0       0       0       0       0       0       0       0       0       0       0       0       0       0       0       0       0       0
      Temps:          0       2       0       0       0       0       0       0       0       0       0       0       0       0       0       0       0       0       0       0       0       0       0       0       0       0       0
      Totals:         0       6       0       0       0       0       0       0       0       0       0       0       0       0       0       0       0       0       0       0       0       0       0       0       0       0       0
Total ram usage:        6 bytes
 Hardware stack levels used:    1
 Hardware stack levels required when called:    3
 This function calls:
		Nothing
 This function is called by:
		_synth_param_snprint
 This function uses a non-reentrant model


 *************** function _sprintn *****************
 Defined at:
		line 6 in file "main.c"
 Parameters:    Size  Location     Type
  buf             1    wreg     PTR unsigned char 
		 -> dpy_framebuf(32), 
  n               1    9[BANK0 ] unsigned char 
 Auto vars:     Size  Location     Type
  buf             1   14[BANK0 ] PTR unsigned char 
		 -> dpy_framebuf(32), 
  p               1   13[BANK0 ] PTR unsigned char 
		 -> dpy_framebuf(32), 
 Return value:  Size  Location     Type
                  1    wreg      unsigned char 
 Registers used:
		wreg, fsr1l, fsr1h, status,2, status,0, pclath, cstack
 Tracked objects:
		On entry : 
		On exit  : 
		Unchanged: 
 Data sizes:     COMMON   BANK0   BANK1   BANK2   BANK3   BANK4   BANK5   BANK6   BANK7   BANK8   BANK9  BANK10  BANK11  BANK12  BANK13  BANK14  BANK15  BANK16  BANK17  BANK18  BANK19  BANK20  BANK21  BANK22  BANK23  BANK24  BANK25
      Params:         0       1       0       0       0       0       0       0       0       0       0       0       0       0       0       0       0       0       0       0       0       0       0       0       0       0       0
      Locals:         0       2       0       0       0       0       0       0       0       0       0       0       0       0       0       0       0       0       0       0       0       0       0       0       0       0       0
      Temps:          0       3       0       0       0       0       0       0       0       0       0       0       0       0       0       0       0       0       0       0       0       0       0       0       0       0       0
      Totals:         0       6       0       0       0       0       0       0       0       0       0       0       0       0       0       0       0       0       0       0       0       0       0       0       0       0       0
Total ram usage:        6 bytes
 Hardware stack levels used:    1
 Hardware stack levels required when called:    4
 This function calls:
		___awdiv
		___awmod
 This function is called by:
		_synth_param_snprint
 This function uses a non-reentrant model


 *************** function _memcpy *****************
 Defined at:
		line 4 in file "/opt/microchip/xc8/v2.00/pic/sources/c99/common/memcpy.c"
 Parameters:    Size  Location     Type
  d1              1    wreg     PTR void 
		 -> dpy_framebuf(32), 
  s1              2    0[BANK0 ] PTR const void 
		 -> SYNTH_INSTRUMENT_DESC(192), SYNTH_PARAM_DESC(130), 
  n               2    2[BANK0 ] unsigned int 
 Auto vars:     Size  Location     Type
  d1              1    9[BANK0 ] PTR void 
		 -> dpy_framebuf(32), 
  s               2    5[BANK0 ] PTR const unsigned char 
		 -> SYNTH_INSTRUMENT_DESC(192), SYNTH_PARAM_DESC(130), 
  d               1    8[BANK0 ] PTR unsigned char 
		 -> dpy_framebuf(32), 
  tmp             1    7[BANK0 ] unsigned char 
 Return value:  Size  Location     Type
                  1    wreg      PTR void 
 Registers used:
		wreg, fsr0l, fsr0h, fsr1l, fsr1h, status,2, status,0, pclath
 Tracked objects:
		On entry : 
		On exit  : 
		Unchanged: 
 Data sizes:     COMMON   BANK0   BANK1   BANK2   BANK3   BANK4   BANK5   BANK6   BANK7   BANK8   BANK9  BANK10  BANK11  BANK12  BANK13  BANK14  BANK15  BANK16  BANK17  BANK18  BANK19  BANK20  BANK21  BANK22  BANK23  BANK24  BANK25
      Params:         0       4       0       0       0       0       0       0       0       0       0       0       0       0       0       0       0       0       0       0       0       0       0       0       0       0       0
      Locals:         0       5       0       0       0       0       0       0       0       0       0       0       0       0       0       0       0       0       0       0       0       0       0       0       0       0       0
      Temps:          0       1       0       0       0       0       0       0       0       0       0       0       0       0       0       0       0       0       0       0       0       0       0       0       0       0       0
      Totals:         0      10       0       0       0       0       0       0       0       0       0       0       0       0       0       0       0       0       0       0       0       0       0       0       0       0       0
Total ram usage:       10 bytes
 Hardware stack levels used:    1
 Hardware stack levels required when called:    3
 This function calls:
		Nothing
 This function is called by:
		_synth_param_snprint
 This function uses a non-reentrant model


 *************** function ___wmul *****************
 Defined at:
		line 15 in file "/opt/microchip/xc8/v2.00/pic/sources/c99/common/Umul16.c"
 Parameters:    Size  Location     Type
  multiplier      2    0[BANK0 ] unsigned int 
  multiplicand    2    2[BANK0 ] unsigned int 
 Auto vars:     Size  Location     Type
  product         2    4[BANK0 ] unsigned int 
 Return value:  Size  Location     Type
                  2    0[BANK0 ] unsigned int 
 Registers used:
		wreg, status,2, status,0
 Tracked objects:
		On entry : 
		On exit  : 
		Unchanged: 
 Data sizes:     COMMON   BANK0   BANK1   BANK2   BANK3   BANK4   BANK5   BANK6   BANK7   BANK8   BANK9  BANK10  BANK11  BANK12  BANK13  BANK14  BANK15  BANK16  BANK17  BANK18  BANK19  BANK20  BANK21  BANK22  BANK23  BANK24  BANK25
      Params:         0       4       0       0       0       0       0       0       0       0       0       0       0       0       0       0       0       0       0       0       0       0       0       0       0       0       0
      Locals:         0       2       0       0       0       0       0       0       0       0       0       0       0       0       0       0       0       0       0       0       0       0       0       0       0       0       0
      Temps:          0       0       0       0       0       0       0       0       0       0       0       0       0       0       0       0       0       0       0       0       0       0       0       0       0       0       0
      Totals:         0       6       0       0       0       0       0       0       0       0       0       0       0       0       0       0       0       0       0       0       0       0       0       0       0       0       0
Total ram usage:        6 bytes
 Hardware stack levels used:    1
 Hardware stack levels required when called:    3
 This function calls:
		Nothing
 This function is called by:
		_synth_param_snprint
 This function uses a non-reentrant model


 *************** function _opll_reset *****************
 Defined at:
		line 112 in file "main.c"
 Parameters:    Size  Location     Type
		None
 Auto vars:     Size  Location     Type
		None
 Return value:  Size  Location     Type
                  1    wreg      void 
 Registers used:
		wreg
 Tracked objects:
		On entry : 
		On exit  : 
		Unchanged: 
 Data sizes:     COMMON   BANK0   BANK1   BANK2   BANK3   BANK4   BANK5   BANK6   BANK7   BANK8   BANK9  BANK10  BANK11  BANK12  BANK13  BANK14  BANK15  BANK16  BANK17  BANK18  BANK19  BANK20  BANK21  BANK22  BANK23  BANK24  BANK25
      Params:         0       0       0       0       0       0       0       0       0       0       0       0       0       0       0       0       0       0       0       0       0       0       0       0       0       0       0
      Locals:         0       0       0       0       0       0       0       0       0       0       0       0       0       0       0       0       0       0       0       0       0       0       0       0       0       0       0
      Temps:          0       0       0       0       0       0       0       0       0       0       0       0       0       0       0       0       0       0       0       0       0       0       0       0       0       0       0
      Totals:         0       0       0       0       0       0       0       0       0       0       0       0       0       0       0       0       0       0       0       0       0       0       0       0       0       0       0
Total ram usage:        0 bytes
 Hardware stack levels used:    1
 Hardware stack levels required when called:    3
 This function calls:
		Nothing
 This function is called by:
		_main
 This function uses a non-reentrant model


 *************** function _opll_play *****************
 Defined at:
		line 189 in file "main.c"
 Parameters:    Size  Location     Type
  key             1    wreg     unsigned char 
  vel             1    9[BANK0 ] unsigned char 
 Auto vars:     Size  Location     Type
  key             1   16[BANK0 ] unsigned char 
  n               2   13[BANK0 ] unsigned short 
  ch              1   18[BANK0 ] unsigned char 
  i               1   17[BANK0 ] unsigned char 
  oct             1   15[BANK0 ] unsigned char 
 Return value:  Size  Location     Type
                  1    wreg      void 
 Registers used:
		wreg, fsr0l, fsr0h, fsr1l, fsr1h, status,2, status,0, pclath, cstack
 Tracked objects:
		On entry : 
		On exit  : 
		Unchanged: 
 Data sizes:     COMMON   BANK0   BANK1   BANK2   BANK3   BANK4   BANK5   BANK6   BANK7   BANK8   BANK9  BANK10  BANK11  BANK12  BANK13  BANK14  BANK15  BANK16  BANK17  BANK18  BANK19  BANK20  BANK21  BANK22  BANK23  BANK24  BANK25
      Params:         0       1       0       0       0       0       0       0       0       0       0       0       0       0       0       0       0       0       0       0       0       0       0       0       0       0       0
      Locals:         0       6       0       0       0       0       0       0       0       0       0       0       0       0       0       0       0       0       0       0       0       0       0       0       0       0       0
[...]
		None
 Return value:  Size  Location     Type
                  1    wreg      void 
 Registers used:
		wreg
 Tracked objects:
		On entry : 
		On exit  : 
		Unchanged: 
 Data sizes:     COMMON   BANK0   BANK1   BANK2   BANK3   BANK4   BANK5   BANK6   BANK7   BANK8   BANK9  BANK10  BANK11  BANK12  BANK13  BANK14  BANK15  BANK16  BANK17  BANK18  BANK19  BANK20  BANK21  BANK22  BANK23  BANK24  BANK25
      Params:         0       2       0       0       0       0       0       0       0       0       0       0       0       0       0       0       0       0       0       0       0       0       0       0       0       0       0
      Locals:         0       0       0       0       0       0       0       0       0       0       0       0       0       0       0       0       0       0       0       0       0       0       0       0       0       0       0
      Temps:          0       0       0       0       0       0       0       0       0       0       0       0       0       0       0       0       0       0       0       0       0       0       0       0       0       0       0
      Totals:         0       2       0       0       0       0       0       0       0       0       0       0       0       0       0       0       0       0       0       0       0       0       0       0       0       0       0
Total ram usage:        2 bytes
 Hardware stack levels used:    1
 Hardware stack levels required when called:    3
 This function calls:
		Nothing
 This function is called by:
		_EUSART_Initialize
 This function uses a non-reentrant model


 *************** function _EUSART_is_rx_ready *****************
 Defined at:
		line 118 in file "mcc_generated_files/eusart.c"
 Parameters:    Size  Location     Type
		None
 Auto vars:     Size  Location     Type
		None
 Return value:  Size  Location     Type
                  1    wreg      unsigned char 
 Registers used:
		wreg
 Tracked objects:
		On entry : 
		On exit  : 
		Unchanged: 
 Data sizes:     COMMON   BANK0   BANK1   BANK2   BANK3   BANK4   BANK5   BANK6   BANK7   BANK8   BANK9  BANK10  BANK11  BANK12  BANK13  BANK14  BANK15  BANK16  BANK17  BANK18  BANK19  BANK20  BANK21  BANK22  BANK23  BANK24  BANK25
      Params:         0       0       0       0       0       0       0       0       0       0       0       0       0       0       0       0       0       0       0       0       0       0       0       0       0       0       0
      Locals:         0       0       0       0       0       0       0       0       0       0       0       0       0       0       0       0       0       0       0       0       0       0       0       0       0       0       0
      Temps:          0       0       0       0       0       0       0       0       0       0       0       0       0       0       0       0       0       0       0       0       0       0       0       0       0       0       0
      Totals:         0       0       0       0       0       0       0       0       0       0       0       0       0       0       0       0       0       0       0       0       0       0       0       0       0       0       0
Total ram usage:        0 bytes
 Hardware stack levels used:    1
 Hardware stack levels required when called:    3
 This function calls:
		Nothing
 This function is called by:
		_main
 This function uses a non-reentrant model


 *************** function _EUSART_Read *****************
 Defined at:
		line 128 in file "mcc_generated_files/eusart.c"
 Parameters:    Size  Location     Type
		None
 Auto vars:     Size  Location     Type
  readValue       1    1[BANK0 ] unsigned char 
 Return value:  Size  Location     Type
                  1    wreg      unsigned char 
 Registers used:
		wreg, fsr1l, fsr1h, status,2, status,0
 Tracked objects:
		On entry : 
		On exit  : 
		Unchanged: 
 Data sizes:     COMMON   BANK0   BANK1   BANK2   BANK3   BANK4   BANK5   BANK6   BANK7   BANK8   BANK9  BANK10  BANK11  BANK12  BANK13  BANK14  BANK15  BANK16  BANK17  BANK18  BANK19  BANK20  BANK21  BANK22  BANK23  BANK24  BANK25
      Params:         0       0       0       0       0       0       0       0       0       0       0       0       0       0       0       0       0       0       0       0       0       0       0       0       0       0       0
      Locals:         0       1       0       0       0       0       0       0       0       0       0       0       0       0       0       0       0       0       0       0       0       0       0       0       0       0       0
      Temps:          0       1       0       0       0       0       0       0       0       0       0       0       0       0       0       0       0       0       0       0       0       0       0       0       0       0       0
      Totals:         0       2       0       0       0       0       0       0       0       0       0       0       0       0       0       0       0       0       0       0       0       0       0       0       0       0       0
Total ram usage:        2 bytes
 Hardware stack levels used:    1
 Hardware stack levels required when called:    3
 This function calls:
		Nothing
 This function is called by:
		_main
 This function uses a non-reentrant model


 *************** function _INTERRUPT_InterruptManager *****************
 Defined at:
		line 52 in file "mcc_generated_files/interrupt_manager.c"
 Parameters:    Size  Location     Type
		None
 Auto vars:     Size  Location     Type
		None
 Return value:  Size  Location     Type
                  1    wreg      void 
 Registers used:
		wreg, fsr0l, fsr0h, fsr1l, fsr1h, status,2, status,0, pclath, cstack
 Tracked objects:
		On entry : 
		On exit  : 
		Unchanged: 
 Data sizes:     COMMON   BANK0   BANK1   BANK2   BANK3   BANK4   BANK5   BANK6   BANK7   BANK8   BANK9  BANK10  BANK11  BANK12  BANK13  BANK14  BANK15  BANK16  BANK17  BANK18  BANK19  BANK20  BANK21  BANK22  BANK23  BANK24  BANK25
      Params:         0       0       0       0       0       0       0       0       0       0       0       0       0       0       0       0       0       0       0       0       0       0       0       0       0       0       0
      Locals:         0       0       0       0       0       0       0       0       0       0       0       0       0       0       0       0       0       0       0       0       0       0       0       0       0       0       0
      Temps:          0       0       0       0       0       0       0       0       0       0       0       0       0       0       0       0       0       0       0       0       0       0       0       0       0       0       0
      Totals:         0       0       0       0       0       0       0       0       0       0       0       0       0       0       0       0       0       0       0       0       0       0       0       0       0       0       0
Total ram usage:        0 bytes
 Hardware stack levels used:    1
 Hardware stack levels required when called:    2
 This function calls:
		Absolute function
		_EUSART_Receive_ISR
		_EUSART_Transmit_ISR
		_TMR0_ISR
 This function is called by:
		Interrupt level 1
 This function uses a non-reentrant model


 *************** function _TMR0_ISR *****************
 Defined at:
		line 551 in file "main.c"
 Parameters:    Size  Location     Type
		None
 Auto vars:     Size  Location     Type
  ctl_encoder_    1    8[COMMON] char 
  i               1    7[COMMON] unsigned char 
 Return value:  Size  Location     Type
                  1    wreg      void 
 Registers used:
		wreg, fsr0l, fsr0h, fsr1l, fsr1h, status,2, status,0, pclath, cstack
 Tracked objects:
		On entry : 
		On exit  : 
		Unchanged: 
 Data sizes:     COMMON   BANK0   BANK1   BANK2   BANK3   BANK4   BANK5   BANK6   BANK7   BANK8   BANK9  BANK10  BANK11  BANK12  BANK13  BANK14  BANK15  BANK16  BANK17  BANK18  BANK19  BANK20  BANK21  BANK22  BANK23  BANK24  BANK25
      Params:         0       0       0       0       0       0       0       0       0       0       0       0       0       0       0       0       0       0       0       0       0       0       0       0       0       0       0
      Locals:         2       0       0       0       0       0       0       0       0       0       0       0       0       0       0       0       0       0       0       0       0       0       0       0       0       0       0
      Temps:          2       0       0       0       0       0       0       0       0       0       0       0       0       0       0       0       0       0       0       0       0       0       0       0       0       0       0
      Totals:         4       0       0       0       0       0       0       0       0       0       0       0       0       0       0       0       0       0       0       0       0       0       0       0       0       0       0
Total ram usage:        4 bytes
 Hardware stack levels used:    1
 Hardware stack levels required when called:    1
 This function calls:
		_synth_param_change
		i1_ctl_status_update
 This function is called by:
		_INTERRUPT_InterruptManager
 This function uses a non-reentrant model


 *************** function i1_ctl_status_update *****************
 Defined at:
		line 370 in file "main.c"
 Parameters:    Size  Location     Type
		None
 Auto vars:     Size  Location     Type
  ctl_status_u    1    2[COMMON] unsigned char 
 Return value:  Size  Location     Type
                  1    wreg      void 
 Registers used:
		wreg, status,2, status,0
 Tracked objects:
		On entry : 
		On exit  : 
		Unchanged: 
 Data sizes:     COMMON   BANK0   BANK1   BANK2   BANK3   BANK4   BANK5   BANK6   BANK7   BANK8   BANK9  BANK10  BANK11  BANK12  BANK13  BANK14  BANK15  BANK16  BANK17  BANK18  BANK19  BANK20  BANK21  BANK22  BANK23  BANK24  BANK25
      Params:         0       0       0       0       0       0       0       0       0       0       0       0       0       0       0       0       0       0       0       0       0       0       0       0       0       0       0
      Locals:         1       0       0       0       0       0       0       0       0       0       0       0       0       0       0       0       0       0       0       0       0       0       0       0       0       0       0
      Temps:          2       0       0       0       0       0       0       0       0       0       0       0       0       0       0       0       0       0       0       0       0       0       0       0       0       0       0
      Totals:         3       0       0       0       0       0       0       0       0       0       0       0       0       0       0       0       0       0       0       0       0       0       0       0       0       0       0
Total ram usage:        3 bytes
 Hardware stack levels used:    1
 This function calls:
		Nothing
 This function is called by:
		_TMR0_ISR
 This function uses a non-reentrant model


 *************** function _synth_param_change *****************
 Defined at:
		line 412 in file "main.c"
 Parameters:    Size  Location     Type
  param           1    wreg     unsigned char 
  amount          1    0[COMMON] char 
 Auto vars:     Size  Location     Type
  param           1    3[COMMON] unsigned char 
  d               1    4[COMMON] unsigned char 
 Return value:  Size  Location     Type
                  1    wreg      unsigned char 
 Registers used:
		wreg, fsr0l, fsr0h, status,2, status,0
 Tracked objects:
		On entry : 
		On exit  : 
		Unchanged: 
 Data sizes:     COMMON   BANK0   BANK1   BANK2   BANK3   BANK4   BANK5   BANK6   BANK7   BANK8   BANK9  BANK10  BANK11  BANK12  BANK13  BANK14  BANK15  BANK16  BANK17  BANK18  BANK19  BANK20  BANK21  BANK22  BANK23  BANK24  BANK25
      Params:         1       0       0       0       0       0       0       0       0       0       0       0       0       0       0       0       0       0       0       0       0       0       0       0       0       0       0
      Locals:         2       0       0       0       0       0       0       0       0       0       0       0       0       0       0       0       0       0       0       0       0       0       0       0       0       0       0
      Temps:          2       0       0       0       0       0       0       0       0       0       0       0       0       0       0       0       0       0       0       0       0       0       0       0       0       0       0
      Totals:         5       0       0       0       0       0       0       0       0       0       0       0       0       0       0       0       0       0       0       0       0       0       0       0       0       0       0
Total ram usage:        5 bytes
 Hardware stack levels used:    1
 This function calls:
		Nothing
 This function is called by:
		_TMR0_ISR
 This function uses a non-reentrant model


 *************** function _EUSART_Transmit_ISR *****************
 Defined at:
		line 172 in file "mcc_generated_files/eusart.c"
 Parameters:    Size  Location     Type
		None
 Auto vars:     Size  Location     Type
		None
 Return value:  Size  Location     Type
                  1    wreg      void 
 Registers used:
		wreg, fsr1l, fsr1h, status,2, status,0
 Tracked objects:
		On entry : 
		On exit  : 
		Unchanged: 
 Data sizes:     COMMON   BANK0   BANK1   BANK2   BANK3   BANK4   BANK5   BANK6   BANK7   BANK8   BANK9  BANK10  BANK11  BANK12  BANK13  BANK14  BANK15  BANK16  BANK17  BANK18  BANK19  BANK20  BANK21  BANK22  BANK23  BANK24  BANK25
      Params:         0       0       0       0       0       0       0       0       0       0       0       0       0       0       0       0       0       0       0       0       0       0       0       0       0       0       0
      Locals:         0       0       0       0       0       0       0       0       0       0       0       0       0       0       0       0       0       0       0       0       0       0       0       0       0       0       0
      Temps:          1       0       0       0       0       0       0       0       0       0       0       0       0       0       0       0       0       0       0       0       0       0       0       0       0       0       0
      Totals:         1       0       0       0       0       0       0       0       0       0       0       0       0       0       0       0       0       0       0       0       0       0       0       0       0       0       0
Total ram usage:        1 bytes
 Hardware stack levels used:    1
 This function calls:
		Nothing
 This function is called by:
		_EUSART_Initialize
		_INTERRUPT_InterruptManager
 This function uses a non-reentrant model


 *************** function _EUSART_Receive_ISR *****************
 Defined at:
		line 191 in file "mcc_generated_files/eusart.c"
 Parameters:    Size  Location     Type
		None
 Auto vars:     Size  Location     Type
		None
 Return value:  Size  Location     Type
                  1    wreg      void 
 Registers used:
		wreg, fsr1l, fsr1h, status,2, status,0
 Tracked objects:
		On entry : 
		On exit  : 
		Unchanged: 
 Data sizes:     COMMON   BANK0   BANK1   BANK2   BANK3   BANK4   BANK5   BANK6   BANK7   BANK8   BANK9  BANK10  BANK11  BANK12  BANK13  BANK14  BANK15  BANK16  BANK17  BANK18  BANK19  BANK20  BANK21  BANK22  BANK23  BANK24  BANK25
      Params:         0       0       0       0       0       0       0       0       0       0       0       0       0       0       0       0       0       0       0       0       0       0       0       0       0       0       0
      Locals:         0       0       0       0       0       0       0       0       0       0       0       0       0       0       0       0       0       0       0       0       0       0       0       0       0       0       0
      Temps:          1       0       0       0       0       0       0       0       0       0       0       0       0       0       0       0       0       0       0       0       0       0       0       0       0       0       0
      Totals:         1       0       0       0       0       0       0       0       0       0       0       0       0       0       0       0       0       0       0       0       0       0       0       0       0       0       0
Total ram usage:        1 bytes
 Hardware stack levels used:    1
 This function calls:
		Nothing
 This function is called by:
		_EUSART_Initialize
		_INTERRUPT_InterruptManager
 This function uses a non-reentrant model



MODULE INFORMATION

Module		Function		Class		Link	Load	Size
/opt/microchip/xc8/v2.00/pic/sources/c99/common/awdiv.c
		___awdiv       		CODE           	0E9F	0000	107

/opt/microchip/xc8/v2.00/pic/sources/c99/common/awdiv.c estimated size: 107

/opt/microchip/xc8/v2.00/pic/sources/c99/common/memcpy.c
		_memcpy        		CODE           	07CE	0000	50

/opt/microchip/xc8/v2.00/pic/sources/c99/common/memcpy.c estimated size: 50

mcc_generated_files/interrupt_manager.c
		_INTERRUPT_InterruptManager		CODE           	0004	0000	58

mcc_generated_files/interrupt_manager.c estimated size: 58

mcc_generated_files/tmr0.c
		_TMR0_Initialize		CODE           	0BE0	0000	16

mcc_generated_files/tmr0.c estimated size: 16

mcc_generated_files/pin_manager.c
		_PIN_MANAGER_Initialize		CODE           	0CD8	0000	35

mcc_generated_files/pin_manager.c estimated size: 35

shared
		i1_ctl_status_update		CODE           	0DE5	0000	46
		_SYNTH_PARAM_DESC		STRCODE        	1000	0000	131
		__initialization		CODE           	003F	0000	45
		_OPLL_FNUM     		STRCODE        	1082	0000	25
		_SYNTH_INSTRUMENT_DESC		STRCODE        	0663	0000	193

shared estimated size: 440

/opt/microchip/xc8/v2.00/pic/sources/c99/common/strlen.c
		_strlen        		CODE           	0D41	0000	37

/opt/microchip/xc8/v2.00/pic/sources/c99/common/strlen.c estimated size: 37

mcc_generated_files/mcc.c
		_WDT_Initialize		CODE           	0B94	0000	5
		_OSCILLATOR_Initialize		CODE           	0BD1	0000	16
		_SYSTEM_Initialize		CODE           	0BEF	0000	17

mcc_generated_files/mcc.c estimated size: 38

/opt/microchip/xc8/v2.00/pic/sources/c99/common/awmod.c
		___awmod       		CODE           	0E41	0000	95

/opt/microchip/xc8/v2.00/pic/sources/c99/common/awmod.c estimated size: 95

/opt/microchip/xc8/v2.00/pic/sources/c99/common/memset.c
		_memset        		CODE           	0723	0000	172

/opt/microchip/xc8/v2.00/pic/sources/c99/common/memset.c estimated size: 172

mcc_generated_files/eusart.c
		_EUSART_SetRxInterruptHandler		CODE           	0B98	0000	7
		_EUSART_SetTxInterruptHandler		CODE           	0B9E	0000	7
		_EUSART_Read   		CODE           	0D65	0000	42
		_EUSART_Transmit_ISR		CODE           	0D1D	0000	37
		_EUSART_Initialize		CODE           	0D8E	0000	44
		_EUSART_Receive_ISR		CODE           	0CB6	0000	35
		_EUSART_is_rx_ready		CODE           	0B90	0000	5

mcc_generated_files/eusart.c estimated size: 177

main.c
		_ctl_status_reset		CODE           	0BB6	0000	10
		_ctl_status_update		CODE           	0E12	0000	48
		_dpy_write_data		CODE           	0C5B	0000	30
		_sprintn       		CODE           	0F79	0000	136
		_dpy_cursor_hide		CODE           	0BBF	0000	10
		_dpy_cursor_move		CODE           	0C0F	0000	22
		_dpy_cursor_show		CODE           	0BC8	0000	10
		_main          		CODE           	01E9	0000	317
		_opll_write    		CODE           	0DB9	0000	45
		_dpy_update    		CODE           	0F09	0000	113
		_dpy_reset     		CODE           	0C78	0000	31
		_dpy_write_instruction		CODE           	0C3E	0000	30
		_synth_param_change		CODE           	045D	0000	273
		_opll_reset    		CODE           	0BFF	0000	17
		_opll_play     		CODE           	006F	0000	379
		_TMR0_ISR      		CODE           	056D	0000	247
		_synth_param_snprint		CODE           	0325	0000	313

main.c estimated size: 2031

/opt/microchip/xc8/v2.00/pic/sources/c99/common/Umul8.c
		___bmul        		CODE           	0C24	0000	27

/opt/microchip/xc8/v2.00/pic/sources/c99/common/Umul8.c estimated size: 27

/opt/microchip/xc8/v2.00/pic/sources/c99/common/Umul16.c
		___wmul        		CODE           	0CFA	0000	36

/opt/microchip/xc8/v2.00/pic/sources/c99/common/Umul16.c estimated size: 36

